
RM/COBOL-85 (VER 2.01)  FOR DOS 2.00+          03/10/15  11:35:22 PAGE   1
SOURCE FILE: CLI-DYN                    OPTIONS: L

 LINE   DEBUG     PG/LN  A...B.......2.........3.........4.........5.........6.........7..ID.....8

    1                   *MI PROGRAMA DE CONSULTA DE ARCHIVOS
    2                    IDENTIFICATION DIVISION.
    3                    PROGRAM-ID. CLI-DYN.
    4                    ENVIRONMENT DIVISION.
    5
    6                    INPUT-OUTPUT SECTION.
    7                    FILE-CONTROL.
    8                        SELECT CLIENTES ASSIGN TO DISK.
    9                        SELECT DCLIENTES ASSIGN TO DISK INDEXED ACCESS MODE IS
   10                             DYNAMIC
   11                             RECORD KEY IS ID-CLIENTE-D
   12                             ALTERNATE RECORD KEY IS ID-TARGETA-D WITH DUPLICATES
   13                             ALTERNATE RECORD KEY IS FECHA-ALTA-D WITH DUPLICATES.
   14
   15                    DATA DIVISION.
   16                    FILE SECTION.
   17                    FD CLIENTES.
   18                    01 REG-CLI.
   19                     03 ID-CLIENTE       PIC 9(04).
   20                     03 NOMBRE-CLIENTE   PIC A(20).
   21                     03 ID-TARGETA       PIC 99.
   22                     03 TIPO-TARG        PIC A(10).
   23                     03 ANUALIDAD        PIC 9(04)V99.
   24                     03 FECHA-ALTA       PIC 9(08).
   25
   26                    FD DCLIENTES.
   27                    01 REG-CLI-D.
   28                     03 ID-CLIENTE-D       PIC 9(04).
   29                     03 NOMBRE-CLIENTE-D   PIC A(20).
   30                     03 ID-TARGETA-D       PIC 99.
   31                     03 TIPO-TARG-D        PIC A(10).
   32                     03 ANUALIDAD-D        PIC 9(04)V99.
   33                     03 FECHA-ALTA-D       PIC 9(08).
   34
   35                    WORKING-STORAGE SECTION.
   36                    01 WKS-CLIENTES-LOOP PIC 9 VALUE 0.
   37
   38                    PROCEDURE DIVISION.
   39    000002          INICIO.
   40    000005              PERFORM 1000-INICIO.
   41    000008              PERFORM 2000-PROCESO UNTIL WKS-CLIENTES-LOOP = 1.
   42    000019              PERFORM 3000-FIN.
   43    000022              STOP RUN.
   44
   45    000025          1000-INICIO.
   46    000028              OPEN INPUT CLIENTES.
   47    000035              OPEN OUTPUT DCLIENTES.
   48    000042              PERFORM 1001-LEER-ARCHIVO.
   49
   50    000047          1001-LEER-ARCHIVO.
   51    000050              READ CLIENTES AT END MOVE 1 TO WKS-CLIENTES-LOOP.
   52
   53    000067          2000-PROCESO.
   54    000070              WRITE REG-CLI-D FROM  REG-CLI
   55                        INVALID KEY DISPLAY "LLAVE DUPLICADA".
   56    000091              PERFORM 1001-LEER-ARCHIVO.
   57
RM/COBOL-85 (VER 2.01)  FOR DOS 2.00+          03/10/15  11:35:22 PAGE   2
SOURCE FILE: CLI-DYN                    OPTIONS: L

 LINE   DEBUG     PG/LN  A...B.......2.........3.........4.........5.........6.........7..ID.....8   CLI-DYN

   58    000097          3000-FIN.
   59    000100              CLOSE CLIENTES.
   60    000107              CLOSE DCLIENTES.
   61
RM/COBOL-85 (VER 2.01)  FOR DOS 2.00+          03/10/15  11:35:22 PAGE   3
SOURCE FILE: CLI-DYN                    OPTIONS: L

PROGRAM SUMMARY STATISTICS                                                                           CLI-DYN


READ ONLY SIZE =                       466 (X"000001D2") BYTES

READ/WRITE SIZE =                      456 (X"000001C8") BYTES

OVERLAYABLE SEGMENT SIZE =               0 (X"00000000") BYTES

TOTAL SIZE (LESS I/O BUFFERS) =        922 (X"0000039A") BYTES       61 LINES

    0 ERRORS         0 WARNINGS     FOR PROGRAM CLI-DYN



OBJECT VERSION LEVEL =   1
