
RM/COBOL-85 (VER 2.01)  FOR DOS 2.00+          03/10/15  15:54:56 PAGE   1
SOURCE FILE: DIN3                       OPTIONS: L

 LINE   DEBUG     PG/LN  A...B.......2.........3.........4.........5.........6.........7..ID.....8

    1                   *MI PROGRAMA DE CONSULTA DE ARCHIVOS DINAMICOS CON BUSQUEDA
    2                   *RANDOM
    3                    IDENTIFICATION DIVISION.
    4                    PROGRAM-ID. DIN3.
    5                    ENVIRONMENT DIVISION.
    6
    7                    INPUT-OUTPUT SECTION.
    8                    FILE-CONTROL.
    9                        SELECT DCLIENTES ASSIGN TO DISK INDEXED ACCESS MODE IS
   10                             DYNAMIC
   11                             RECORD KEY IS ID-CLIENTE-D
   12                             ALTERNATE RECORD KEY IS ID-TARGETA-D WITH DUPLICATES
   13                             ALTERNATE RECORD KEY IS FECHA-ALTA-D WITH DUPLICATES.
   14
   15                    DATA DIVISION.
   16                    FILE SECTION.
   17                    FD DCLIENTES.
   18                    01 REG-CLI-D.
   19                     03 ID-CLIENTE-D       PIC 9(04).
   20                     03 NOMBRE-CLIENTE-D   PIC A(20).
   21                     03 ID-TARGETA-D       PIC 99.
   22                     03 TIPO-TARG-D        PIC A(10).
   23                     03 ANUALIDAD-D        PIC 9(04)V99.
   24                     03 FECHA-ALTA-D       PIC 9(08).
   25
   26                    WORKING-STORAGE SECTION.
   27                    01 WKS-CLIENTES-LOOP PIC 9 VALUE 0.
   28                    01 WKS-INVALID-KEY   PIC 9 VALUE 0.
   29                    01 WKS-RES           PIC A.
   30
   31                    PROCEDURE DIVISION.
   32    000002          INICIO.
   33    000005              PERFORM 1000-INICIO.
   34    000008              PERFORM 2000-PROCESO UNTIL WKS-CLIENTES-LOOP = 1.
   35    000019              PERFORM 3000-FIN.
   36    000022              STOP RUN.
   37
   38    000025          1000-INICIO.
   39    000028              OPEN INPUT DCLIENTES.
   40
   41    000037          2000-PROCESO.
   42    000040              DISPLAY SPACES LINE 01 POSITION 01 ERASE.
   43
   44    000054              DISPLAY "INGRESE EL ID DEL CLIENTE A BUSCAR:" LINE 03
   45                                                                         POSITION 03.
   46    000066              ACCEPT ID-CLIENTE-D LINE 03 POSITION 39.
   47
   48    000078              READ DCLIENTES INVALID KEY MOVE 1 TO WKS-INVALID-KEY.
   49
   50    000095              IF WKS-INVALID-KEY = 1
   51                             DISPLAY "NO EXISTE REGISTRO" LINE 04 POSITION 03
   52                        ELSE
   53                             DISPLAY REG-CLI-D.
   54
   55    000124              DISPLAY "¿DESEA BUSCAR OTRO CLIENTE? S/N :" LINE 05
   56                                                                         POSITION 03.
   57    000137              ACCEPT WKS-RES LINE 05 POSITION 39.
RM/COBOL-85 (VER 2.01)  FOR DOS 2.00+          03/10/15  15:54:56 PAGE   2
SOURCE FILE: DIN3                       OPTIONS: L

 LINE   DEBUG     PG/LN  A...B.......2.........3.........4.........5.........6.........7..ID.....8   DIN3

   58
   59    000149              IF WKS-RES = "N"
   60                             MOVE 1 TO WKS-CLIENTES-LOOP
   61                        ELSE
   62                             MOVE 0 TO WKS-INVALID-KEY.
   63
   64
   65    000174          3000-FIN.
   66    000177              CLOSE DCLIENTES.
   67
RM/COBOL-85 (VER 2.01)  FOR DOS 2.00+          03/10/15  15:54:56 PAGE   3
SOURCE FILE: DIN3                       OPTIONS: L

PROGRAM SUMMARY STATISTICS                                                                           DIN3


READ ONLY SIZE =                       650 (X"0000028A") BYTES

READ/WRITE SIZE =                      258 (X"00000102") BYTES

OVERLAYABLE SEGMENT SIZE =               0 (X"00000000") BYTES

TOTAL SIZE (LESS I/O BUFFERS) =        908 (X"0000038C") BYTES       67 LINES

    0 ERRORS         0 WARNINGS     FOR PROGRAM DIN3



OBJECT VERSION LEVEL =   1
